Controller/SuperAdmin$2.class
Views/Supplier/AddSupplierFrame$2.class
Views/Stock/SalesFrame$1.class
Controller/Manager$2.class
Controller/Login$4.class
Views/Stock/ViewStockListFrame.class
Controller/SuperAdmin$9.class
Views/Stock/UpdateDeleteStockView.class
Controller/SuperAdmin$6.class
Views/Stock/UpdateDeleteStockView$3.class
Views/User/UpdateDeleteUserView$1.class
Controller/Manager$5.class
Views/Supplier/ViewSupplierListFrame.class
Views/Stock/SalesFrame$4.class
Controller/Manager$6.class
Controller/SuperAdmin$3.class
Views/Supplier/AddSupplierFrame$3.class
Views/Stock/SalesFrame$5.class
Controller/SuperAdmin$1.class
Controller/Login$1.class
Views/Stock/SalesFrame$2.class
Views/User/UpdateDeleteUserView$2.class
Controller/SalesPerson$3.class
Views/User/ViewUserListFrame$2.class
Controller/Login.class
Views/Stock/AddStockFrame$1.class
Controller/SuperAdmin$7.class
Views/Stock/UpdateDeleteStockView$4.class
Views/User/AddUserFrame$3.class
Controller/Login$2.class
Views/Stock/SalesFrame$6.class
Views/User/ViewUserListFrame.class
Views/Stock/UpdateDeleteStockView$1.class
Views/Stock/ViewStockListFrame$1.class
Views/Supplier/UpdateDeleteSupplierView.class
Views/Supplier/ViewSupplierListFrame$1.class
Controller/SalesPerson$2.class
Controller/SuperAdmin$4.class
Views/User/AddUserFrame$1.class
Controller/Manager$7.class
Controller/SuperAdmin$10.class
Controller/SuperAdmin.class
Views/Supplier/UpdateDeleteSupplierView$2.class
Controller/Login$5.class
Views/User/ViewUserListFrame$1.class
Controller/Manager$3.class
Views/Supplier/UpdateDeleteSupplierView$3.class
Views/User/UpdateDeleteUserView$4.class
Views/Stock/SalesFrame.class
Views/Stock/AddStockFrame$2.class
Views/User/UpdateDeleteUserView.class
Views/User/AddUserFrame$2.class
Views/Stock/ViewStockListFrame$2.class
Controller/Manager$1.class
Views/Stock/AddStockFrame.class
Controller/SuperAdmin$8.class
Views/Supplier/AddSupplierFrame.class
Views/Stock/UpdateDeleteStockView$2.class
Controller/SuperAdmin$11.class
Controller/SalesPerson.class
Views/Supplier/AddSupplierFrame$1.class
Controller/SalesPerson$1.class
Controller/Manager.class
Views/Stock/SalesFrame$3.class
Controller/SuperAdmin$5.class
Views/User/UpdateDeleteUserView$3.class
Controller/Manager$4.class
Views/User/AddUserFrame.class
Views/Stock/AddStockFrame$3.class
Views/Supplier/UpdateDeleteSupplierView$1.class
Views/Supplier/UpdateDeleteSupplierView$4.class
Controller/Login$3.class
Model/DB_CONNECTION.class
