/home/fsd/NetBeansProjects/hardwarestoremanagementsystem/src/main/java/Views/Supplier/UpdateDeleteSupplierView.java
/home/fsd/NetBeansProjects/hardwarestoremanagementsystem/src/main/java/Views/Stock/SalesFrame.java
/home/fsd/NetBeansProjects/hardwarestoremanagementsystem/src/main/java/Views/User/UpdateDeleteUserView.java
/home/fsd/NetBeansProjects/hardwarestoremanagementsystem/src/main/java/Controller/Manager.java
/home/fsd/NetBeansProjects/hardwarestoremanagementsystem/src/main/java/Views/Stock/UpdateDeleteStockView.java
/home/fsd/NetBeansProjects/hardwarestoremanagementsystem/src/main/java/Views/Supplier/AddSupplierFrame.java
/home/fsd/NetBeansProjects/hardwarestoremanagementsystem/src/main/java/Controller/Login.java
/home/fsd/NetBeansProjects/hardwarestoremanagementsystem/src/main/java/Views/User/AddUserFrame.java
/home/fsd/NetBeansProjects/hardwarestoremanagementsystem/src/main/java/Controller/SalesPerson.java
/home/fsd/NetBeansProjects/hardwarestoremanagementsystem/src/main/java/Views/Supplier/ViewSupplierListFrame.java
/home/fsd/NetBeansProjects/hardwarestoremanagementsystem/src/main/java/Views/Stock/AddStockFrame.java
/home/fsd/NetBeansProjects/hardwarestoremanagementsystem/src/main/java/Controller/SuperAdmin.java
/home/fsd/NetBeansProjects/hardwarestoremanagementsystem/src/main/java/Views/User/ViewUserListFrame.java
/home/fsd/NetBeansProjects/hardwarestoremanagementsystem/src/main/java/Model/DB_CONNECTION.java
/home/fsd/NetBeansProjects/hardwarestoremanagementsystem/src/main/java/Views/Stock/ViewStockListFrame.java
